
Memory Configuration

Name             Origin             Length             Attributes
*default*        0x0000000000000000 0xffffffffffffffff

Linker script and memory map

LOAD sa0.o
                0x0000000000000000                . = 0x0

.text           0x0000000000000000        0x0
 .text          0x0000000000000000        0x0 sa0.o

.rodata         0x0000000000000000      0xe68
 *(.sa0_bootrom)
 .sa0_bootrom   0x0000000000000000        0x4 sa0.o
                0x0000000000000000                bootrom_paramA
                0x00000000000001d4                . = 0x1d4
 *fill*         0x0000000000000004      0x1d0 
 *(.sa0_bl2dst_addr3)
 .sa0_bl2dst_addr3
                0x00000000000001d4        0x4 sa0.o
                0x00000000000001d4                bl2dst_addr3
                0x00000000000002e4                . = 0x2e4
 *fill*         0x00000000000001d8      0x10c 
 *(.sa0_bl2dst_size3)
 .sa0_bl2dst_size3
                0x00000000000002e4        0x4 sa0.o
                0x00000000000002e4                bl2dst_size3
                0x0000000000000d54                . = 0xd54
 *fill*         0x00000000000002e8      0xa6c 
 *(.sa0_bl2dst_addr1)
 .sa0_bl2dst_addr1
                0x0000000000000d54        0x4 sa0.o
                0x0000000000000d54                bl2dst_addr1
                0x0000000000000e64                . = 0xe64
 *fill*         0x0000000000000d58      0x10c 
 *(.sa0_bl2dst_size1)
 .sa0_bl2dst_size1
                0x0000000000000e64        0x4 sa0.o
                0x0000000000000e64                bl2dst_size1
OUTPUT(bootparam_sa0.elf elf64-littleaarch64)

.data           0x0000000000000e68        0x0
 .data          0x0000000000000e68        0x0 sa0.o

.bss            0x0000000000000e68        0x0
 .bss           0x0000000000000e68        0x0 sa0.o

.comment        0x0000000000000000       0x11
 .comment       0x0000000000000000       0x11 sa0.o
                                         0x12 (size before relaxing)

.note.GNU-stack
                0x0000000000000000        0x0
 .note.GNU-stack
                0x0000000000000000        0x0 sa0.o
